Microchip MPLAB XC8 Compiler V2.45

Linker command line:

-W-3 \
  --edf=C:\Program Files\Microchip\xc8\v2.45\pic\dat\20230818022343_en.msgs \
  -cn -h+dist/default/debug\interfacing_projects.debug.sym \
  --cmf=dist/default/debug\interfacing_projects.debug.cmf -z -Q18F4620 \
  -oC:\Users\mstfy\AppData\Local\Temp\xcBsb90.1\driver_tmp_3.o \
  --defsym=__MPLAB_BUILD=1 --fixupoverflow=error \
  -Mdist/default/debug/interfacing_projects.debug.map \
  --md=C:\Users\mstfy\AppData\Local\Temp\xcBsb90.1\driver_tmp_0.dat -E1 \
  -ver=XC8 Compiler --acfsm=1493 -ACODE=00h-0FFFFh -ACONST=00h-0FFFFh \
  -ASMALLCONST=01000h-010FFhx240 -AMEDIUMCONST=01000h-0FFFFh \
  -ACOMRAM=01h-07Fh -AABS1=00h-0F7Fh -ABIGRAM=01h-0F7Fh \
  -ARAM=080h-0FFh,0100h-01FFhx14,0F00h-0F7Fh -ABANK0=080h-0FFh \
  -ABANK1=0100h-01FFh -ABANK2=0200h-02FFh -ABANK3=0300h-03FFh \
  -ABANK4=0400h-04FFh -ABANK5=0500h-05FFh -ABANK6=0600h-06FFh \
  -ABANK7=0700h-07FFh -ABANK8=0800h-08FFh -ABANK9=0900h-09FFh \
  -ABANK10=0A00h-0AFFh -ABANK11=0B00h-0BFFh -ABANK12=0C00h-0CFFh \
  -ABANK13=0D00h-0DFFh -ABANK14=0E00h-0EFFh -ABANK15=0F00h-0F7Fh \
  -ASFR=0F80h-0FFFh -ABIGSFR=0F80h-0FFFh -ACONFIG=0300000h-030000Dh \
  -AIDLOC=0200000h-0200007h -AEEDATA=0F00000h-0F003FFh -peeprom_data=EEDATA \
  -preset_vec=00h,intcode=08h,intcodelo,powerup,init -pramtop=01000h \
  -psmallconst=SMALLCONST -pmediumconst=MEDIUMCONST -pconst=CONST \
  -AFARRAM=00h-00h \
  -prdata=COMRAM,nvrram=COMRAM,nvbit=COMRAM,rbss=COMRAM,rbit=COMRAM \
  -pfarbss=FARRAM,fardata=FARRAM,nvFARRAM=FARRAM \
  -pintsave_regs=BIGRAM,bigbss=BIGRAM,bigdata=BIGRAM -pbss=RAM \
  -pidata=CODE,irdata=CODE,ibigdata=CODE,ifardata=CODE -prparam=COMRAM \
  C:\Users\mstfy\AppData\Local\Temp\xcBsb90.1\driver_tmp_14.o \
  dist/default/debug\interfacing_projects.debug.o 

Object code version is 3.11

Machine type is 18F4620



                Name                               Link     Load   Length Selector   Space Scale
C:\Users\mstfy\AppData\Local\Temp\xcBsb90.1\driver_tmp_14.o
                config                           300000   300000        E        0       4
                init                                  E        E        4        4       0
                reset_vec                             0        0        4        0       0
dist/default/debug\interfacing_projects.debug.o
                intcode                               8        8        6        4       0
                config                           300000   300000        E        0       4
                temp                                 7C       7C        1        1       1
                smallconst                         1000     1000       1E      800       0
                text48                             2494     2494        4     122D       0
                text47                             2490     2490        4     122D       0
                text46                             248C     248C        4     122D       0
                text45                             249A     249A        2     122D       0
                text44                             2488     2488        4     122D       0
                text43                             2484     2484        4     122D       0
                text42                             2480     2480        4     122D       0
                text41                             247C     247C        4     122D       0
                text40                             2478     2478        4     122D       0
                text39                             2474     2474        4     122D       0
                text38                             2470     2470        4     122D       0
                text37                             241C     241C       1A      80F       0
                text36                             2402     2402       1A      80F       0
                text35                             23E8     23E8       1A      80F       0
                text34                             23CE     23CE       1A      80F       0
                text33                             2442     2442        C      80F       0
                text32                             246C     246C        4     122D       0
                text31                             22B6     22B6       36      80F       0
                text30                             2464     2464        8     122D       0
                text29                             2436     2436        C      80F       0
                intcode_body                       101E     101E      416      80F       0
                text27                             17E4     17E4      126      80F       0
                text26                             190A     190A      110      80F       0
                text25                             202C     202C       5E      80F       0
                text24                             1F5C     1F5C       6E      80F       0
                text23                             21C6     21C6       40      80F       0
                text22                             20E6     20E6       5C      80F       0
                text21                             1A1A     1A1A       DE      80F       0
                text20                             245A     245A        A     122D       0
                text19                             2354     2354       30      80F       0
                text18                             1AF8     1AF8       C4      80F       0
                text17                             1BBC     1BBC       B0      80F       0
                text16                             2320     2320       34      80F       0
                text15                             2498     2498        2     122D       0
                text14                             1C6C     1C6C       AA      80F       0
                text13                             1622     1622      1C2      80F       0
                text12                             2186     2186       40      80F       0
                text11                             22EC     22EC       34      80F       0
                text10                             2142     2142       44      80F       0
                text9                              1EE6     1EE6       76      80F       0
                text8                              227C     227C       3A      80F       0
                text7                              2242     2242       3A      80F       0
                text6                              1D16     1D16       9E      80F       0
                text5                              2384     2384       26      80F       0
                text4                              208A     208A       5C      80F       0
                text3                              1DB4     1DB4       9C      80F       0
                text2                              2206     2206       3C      80F       0
                text1                              1E50     1E50       96      80F       0
                text0                              1434     1434      1EE      80F       0
                cstackCOMRAM                         43       43       2E        1       1
                cstackBANK0                          FB       FB        3       80       1
                dataBANK0                            D7       D7       24       80       1
                bssBANK0                             80       80       57       80       1
                dataCOMRAM                           71       71        B        1       1
                bssCOMRAM                             1        1       42        1       1
                cinit                              1FCA     1FCA       62      80F       0
                idataBANK0                         23AA     23AA       24      80F       0
                idataCOMRAM                        244E     244E        B      80F       0

TOTAL           Name                               Link     Load   Length     Space
        CLASS   CODE           
                intcode                               8        8        6         0
                init                                  E        E        4         0
                reset_vec                             0        0        4         0
                text48                             2494     2494        4         0
                text47                             2490     2490        4         0
                text46                             248C     248C        4         0
                text45                             249A     249A        2         0
                text44                             2488     2488        4         0
                text43                             2484     2484        4         0
                text42                             2480     2480        4         0
                text41                             247C     247C        4         0
                text40                             2478     2478        4         0
                text39                             2474     2474        4         0
                text38                             2470     2470        4         0
                text37                             241C     241C       1A         0
                text36                             2402     2402       1A         0
                text35                             23E8     23E8       1A         0
                text34                             23CE     23CE       1A         0
                text33                             2442     2442        C         0
                text32                             246C     246C        4         0
                text31                             22B6     22B6       36         0
                text30                             2464     2464        8         0
                text29                             2436     2436        C         0
                intcode_body                       101E     101E      416         0
                text27                             17E4     17E4      126         0
                text26                             190A     190A      110         0
                text25                             202C     202C       5E         0
                text24                             1F5C     1F5C       6E         0
                text23                             21C6     21C6       40         0
                text22                             20E6     20E6       5C         0
                text21                             1A1A     1A1A       DE         0
                text20                             245A     245A        A         0
                text19                             2354     2354       30         0
                text18                             1AF8     1AF8       C4         0
                text17                             1BBC     1BBC       B0         0
                text16                             2320     2320       34         0
                text15                             2498     2498        2         0
                text14                             1C6C     1C6C       AA         0
                text13                             1622     1622      1C2         0
                text12                             2186     2186       40         0
                text11                             22EC     22EC       34         0
                text10                             2142     2142       44         0
                text9                              1EE6     1EE6       76         0
                text8                              227C     227C       3A         0
                text7                              2242     2242       3A         0
                text6                              1D16     1D16       9E         0
                text5                              2384     2384       26         0
                text4                              208A     208A       5C         0
                text3                              1DB4     1DB4       9C         0
                text2                              2206     2206       3C         0
                text1                              1E50     1E50       96         0
                text0                              1434     1434      1EE         0
                cinit                              1FCA     1FCA       62         0
                idataBANK0                         23AA     23AA       24         0
                idataCOMRAM                        244E     244E        B         0

        CLASS   CONST          

        CLASS   SMALLCONST     
                smallconst                         1000     1000       1E         0

        CLASS   MEDIUMCONST    

        CLASS   COMRAM         
                temp                                 7C       7C        1         1
                cstackCOMRAM                         43       43       2E         1
                dataCOMRAM                           71       71        B         1
                bssCOMRAM                             1        1       42         1

        CLASS   ABS1           

        CLASS   BIGRAM         

        CLASS   RAM            

        CLASS   BANK0          
                cstackBANK0                          FB       FB        3         1
                dataBANK0                            D7       D7       24         1
                bssBANK0                             80       80       57         1

        CLASS   BANK1          

        CLASS   BANK2          

        CLASS   BANK3          

        CLASS   BANK4          

        CLASS   BANK5          

        CLASS   BANK6          

        CLASS   BANK7          

        CLASS   BANK8          

        CLASS   BANK9          

        CLASS   BANK10         

        CLASS   BANK11         

        CLASS   BANK12         

        CLASS   BANK13         

        CLASS   BANK14         

        CLASS   BANK15         

        CLASS   SFR            

        CLASS   BIGSFR         

        CLASS   CONFIG         
                config                           300000   300000        E         4

        CLASS   IDLOC          

        CLASS   EEDATA         

        CLASS   FARRAM         

        CLASS   HEAP           

        CLASS   STACK          



SEGMENTS        Name                           Load    Length   Top    Selector   Space  Class

                reset_vec                      000000  000004  000004         0       0  CODE    
                bssCOMRAM                      000001  00007C  00007D         1       1  COMRAM  
                intcode                        000008  00000A  000012         4       0  CODE    
                bssBANK0                       000080  00007E  0000FE        80       1  BANK0   
                smallconst                     001000  00001E  00101E       800       0  SMALLCON
                intcode_body                   00101E  00143B  002459       80F       0  CODE    
                text20                         00245A  000042  00249C      122D       0  CODE    


UNUSED ADDRESS RANGES

        Name                Unused          Largest block    Delta
        BANK0            0000FE-0000FF                2
        BANK1            000100-0001FF              100
        BANK10           000A00-000AFF              100
        BANK11           000B00-000BFF              100
        BANK12           000C00-000CFF              100
        BANK13           000D00-000DFF              100
        BANK14           000E00-000EFF              100
        BANK15           000F00-000F7F               80
        BANK2            000200-0002FF              100
        BANK3            000300-0003FF              100
        BANK4            000400-0004FF              100
        BANK5            000500-0005FF              100
        BANK6            000600-0006FF              100
        BANK7            000700-0007FF              100
        BANK8            000800-0008FF              100
        BANK9            000900-0009FF              100
        BIGRAM           00007D-00007F                3
                         0000FE-000F7F              E82
        BIGSFR           000F80-000FFF               80
        CODE             000004-000007                4
                         000012-000FFF              FEE
                         002459-002459                1
                         00249C-00FFFF             DB64
        COMRAM           00007D-00007F                3
        CONST            000004-000007                4
                         000012-000FFF              FEE
                         002459-002459                1
                         00249C-00FFFF             DB64
        EEDATA           F00000-F003FF              400
        IDLOC            200000-200007                8
        MEDIUMCONST      002459-002459                1
                         00249C-00FFFF             DB64
        RAM              0000FE-000F7F              100
        SFR              000F80-000FFF               80
        SMALLCONST       002459-002459                1
                         00249C-00FFFF              100

                                  Symbol Table

?___awdiv                                    cstackCOMRAM 000046
?___awmod                                    cstackCOMRAM 000046
?_abs                                        cstackCOMRAM 00004C
?_sprintf                                    cstackCOMRAM 00005F
?_vfprintf                                   cstackCOMRAM 00005B
MODE_configure@hal_timer1$F3917@TMR          cstackCOMRAM 000046
OSC_configure@TMR                            cstackCOMRAM 000046
RB4_ISR@RB4_source                           cstackCOMRAM 000043
RB5_ISR@RB5_source                           cstackCOMRAM 000043
RB6_ISR@RB6_source                           cstackCOMRAM 000043
RB7_ISR@RB7_source                           cstackCOMRAM 000043
TMR1_Init@TMR                                cstackCOMRAM 000047
_ADCON0bits                                  (abs)        000FC2
_ADCON1bits                                  (abs)        000FC1
_ADCON2bits                                  (abs)        000FC0
_ADC_INTERRUPT_HANDLERF                      bssCOMRAM    000033
_ADC_ISR                                     text48       002494
_ADRESH                                      (abs)        000FC4
_ADRESL                                      (abs)        000FC3
_BAUDCONbits                                 (abs)        000FB8
_CCP1CONbits                                 (abs)        000FBD
_CCP1_INTERRUPT_HANDLERF                     bssCOMRAM    000031
_CCP1_ISR                                    text47       002490
_CCP2CONbits                                 (abs)        000FBA
_CCP2_INTERRUPT_HANDLERF                     bssCOMRAM    00002F
_CCP2_ISR                                    text46       00248C
_CCPR1H                                      (abs)        000FBF
_CCPR1L                                      (abs)        000FBE
_CCPR2H                                      (abs)        000FBC
_CCPR2L                                      (abs)        000FBB
_EEADR                                       (abs)        000FA9
_EEADRH                                      (abs)        000FAA
_EECON1bits                                  (abs)        000FA6
_EECON2                                      (abs)        000FA7
_EEDATA                                      (abs)        000FA8
_EUSART_FRAMING_ERROR_INTERRUPT_HANDLERF     bssCOMRAM    000027
_EUSART_OVERRUN_ERROR_INTERRUPT_HANDLERF     bssCOMRAM    000025
_EUSART_RX_ASY_ISR                           text45       00249A
_EUSART_RX_INTERRUPT_HANDLERF                bssCOMRAM    000029
_EUSART_TX_ASY_ISR                           text44       002488
_EUSART_TX_INTERRUPT_HANDLERF                bssCOMRAM    00002B
_I2C_BUS_COLLISION_ISR                       text43       002484
_I2C_INTERRUPT_HANDLERF                      bssCOMRAM    00000B
_I2C_MODULE_TR_ISR                           text42       002480
_I2C_Receive_Overflow_IndicatoR_HANDLERF     bssBANK0     0000B0
_I2C_Write_Collision_HANDLERF                bssCOMRAM    00000D
_INT0_ISR                                    text41       00247C
_INT0_InterruptHandeler                      bssCOMRAM    000023
_INT1_ISR                                    text40       002478
_INT1_InterruptHandeler                      bssCOMRAM    000021
_INT2_ISR                                    text39       002474
_INT2_InterruptHandeler                      bssCOMRAM    00001F
_INTCON2bits                                 (abs)        000FF1
_INTCON3bits                                 (abs)        000FF0
_INTCONbits                                  (abs)        000FF2
_InterruptManager                            intcode      000008
_LATA                                        (abs)        000F89
_LATB                                        (abs)        000F8A
_LATC                                        (abs)        000F8B
_LATD                                        (abs)        000F8C
_LATE                                        (abs)        000F8D
_MODE_configure@hal_timer1$F3917             text9        001EE6
_MSSP_SPI_INTERRUPT_HANDLERF                 bssCOMRAM    000009
_MSSP_Spi_ISR                                text38       002470
_OSC_configure                               text8        00227C
_PIE1bits                                    (abs)        000F9D
_PIE2bits                                    (abs)        000FA0
_PIR1bits                                    (abs)        000F9E
_PIR2bits                                    (abs)        000FA1
_PORTA                                       (abs)        000F80
_PORTB                                       (abs)        000F81
_PORTBbits                                   (abs)        000F81
_PORTC                                       (abs)        000F82
_PORTD                                       (abs)        000F83
_PORTE                                       (abs)        000F84
_RB4_Flag                                    dataCOMRAM   00007B
_RB4_ISR                                     text37       00241C
_RB4_InterruptHandeler_High                  bssCOMRAM    00001D
_RB4_InterruptHandeler_Low                   bssCOMRAM    00001B
_RB5_Flag                                    dataCOMRAM   00007A
_RB5_ISR                                     text36       002402
_RB5_InterruptHandeler_High                  bssCOMRAM    000019
_RB5_InterruptHandeler_Low                   bssCOMRAM    000017
_RB6_Flag                                    dataCOMRAM   000079
_RB6_ISR                                     text35       0023E8
_RB6_InterruptHandeler_High                  bssCOMRAM    000015
_RB6_InterruptHandeler_Low                   bssCOMRAM    000013
_RB7_Flag                                    dataCOMRAM   000078
_RB7_ISR                                     text34       0023CE
_RB7_InterruptHandeler_High                  bssCOMRAM    000011
_RB7_InterruptHandeler_Low                   bssCOMRAM    00000F
_RCREG                                       (abs)        000FAE
_RCSTAbits                                   (abs)        000FAB
_SPBRG                                       (abs)        000FAF
_SPBRGH                                      (abs)        000FB0
_SSPADD                                      (abs)        000FC8
_SSPBUF                                      (abs)        000FC9
_SSPCON1bits                                 (abs)        000FC6
_SSPCON2bits                                 (abs)        000FC5
_SSPSTATbits                                 (abs)        000FC7
_T0CONbits                                   (abs)        000FD5
_T1CONbits                                   (abs)        000FCD
_T2CONbits                                   (abs)        000FCA
_T3CONbits                                   (abs)        000FB1
_TIMER0_INTERRUPPT                           bssBANK0     0000AE
_TIMER1_INTERRUPPT_HANDLERF                  bssCOMRAM    000003
_TIMER3_INTERRUPT_HANDLERF                   bssBANK0     0000AA
_TMR0H                                       (abs)        000FD7
_TMR0L                                       (abs)        000FD6
_TMR0_ISR                                    text33       002442
_TMR1H                                       (abs)        000FCF
_TMR1L                                       (abs)        000FCE
_TMR1_ISR                                    text31       0022B6
_TMR1_Init                                   text6        001D16
_TMR2                                        (abs)        000FCC
_TMR2_INTERRUPT_HANDLER                      bssBANK0     0000AC
_TMR2_ISR                                    text30       002464
_TMR3H                                       (abs)        000FB3
_TMR3L                                       (abs)        000FB2
_TMR3_ISR                                    text29       002436
_TMR_Isr                                     text32       00246C
_TRISA                                       (abs)        000F92
_TRISB                                       (abs)        000F93
_TRISC                                       (abs)        000F94
_TRISCbits                                   (abs)        000F94
_TRISD                                       (abs)        000F95
_TRISE                                       (abs)        000F96
_TXREG                                       (abs)        000FAD
_TXSTA1bits                                  (abs)        000FAC
_TXSTAbits                                   (abs)        000FAC
__HRAM                                       (abs)        000000
__H__absolute__                              __absolute__ 000000
__Habs1                                      abs1         000000
__Hbank0                                     bank0        000000
__Hbank1                                     bank1        000000
__Hbank10                                    bank10       000000
__Hbank11                                    bank11       000000
__Hbank12                                    bank12       000000
__Hbank13                                    bank13       000000
__Hbank14                                    bank14       000000
__Hbank15                                    bank15       000000
__Hbank2                                     bank2        000000
__Hbank3                                     bank3        000000
__Hbank4                                     bank4        000000
__Hbank5                                     bank5        000000
__Hbank6                                     bank6        000000
__Hbank7                                     bank7        000000
__Hbank8                                     bank8        000000
__Hbank9                                     bank9        000000
__Hbigbss                                    bigbss       000000
__Hbigdata                                   bigdata      000000
__Hbigram                                    bigram       000000
__Hbigsfr                                    bigsfr       000000
__Hbss                                       bss          000000
__HbssBANK0                                  bssBANK0     000000
__HbssCOMRAM                                 bssCOMRAM    000000
__Hcinit                                     cinit        000000
__Hclrtext                                   clrtext      000000
__Hcomram                                    comram       000000
__Hconfig                                    config       30000E
__Hconst                                     const        000000
__HcstackBANK0                               cstackBANK0  000000
__HcstackCOMRAM                              cstackCOMRAM 000000
__Hdata                                      data         000000
__HdataBANK0                                 dataBANK0    000000
__HdataCOMRAM                                dataCOMRAM   000000
__Heeprom_data                               eeprom_data  000000
__Hfarbss                                    farbss       000000
__Hfardata                                   fardata      000000
__Hheap                                      heap         000000
__Hibigdata                                  ibigdata     000000
__Hidata                                     idata        000000
__HidataBANK0                                idataBANK0   000000
__HidataCOMRAM                               idataCOMRAM  000000
__Hidloc                                     idloc        000000
__Hifardata                                  ifardata     000000
__Hinit                                      init         000012
__Hintcode                                   intcode      00000E
__Hintcode_body                              intcode_body 000000
__Hintcodelo                                 intcodelo    00000E
__Hintentry                                  intentry     000000
__Hintret                                    intret       000000
__Hintsave_regs                              intsave_regs 000000
__Hirdata                                    irdata       000000
__Hmediumconst                               mediumconst  000000
__HnvFARRAM                                  nvFARRAM     000000
__Hnvbit                                     nvbit        000000
__Hnvrram                                    nvrram       000000
__Hparam                                     rparam       000000
__Hpowerup                                   powerup      00000E
__Hram                                       ram          000000
__Hramtop                                    ramtop       001000
__Hrbit                                      rbit         000000
__Hrbss                                      rbss         000000
__Hrdata                                     rdata        000000
__Hreset_vec                                 reset_vec    000004
__Hrparam                                    rparam       000000
__Hsfr                                       sfr          000000
__Hsmallconst                                smallconst   00101E
__Hspace_0                                   (abs)        00249C
__Hspace_1                                   (abs)        0000FE
__Hspace_2                                   (abs)        000000
__Hspace_4                                   (abs)        60000E
__Hstack                                     stack        000000
__Hstruct                                    struct       000000
__Htemp                                      temp         00007D
__Htext                                      text         000000
__Htext0                                     text0        000000
__Htext1                                     text1        000000
__Htext10                                    text10       000000
__Htext11                                    text11       000000
__Htext12                                    text12       000000
__Htext13                                    text13       000000
__Htext14                                    text14       000000
__Htext15                                    text15       000000
__Htext16                                    text16       000000
__Htext17                                    text17       000000
__Htext18                                    text18       000000
__Htext19                                    text19       000000
__Htext2                                     text2        000000
__Htext20                                    text20       000000
__Htext21                                    text21       000000
__Htext22                                    text22       000000
__Htext23                                    text23       000000
__Htext24                                    text24       000000
__Htext25                                    text25       000000
__Htext26                                    text26       000000
__Htext27                                    text27       000000
__Htext29                                    text29       000000
__Htext3                                     text3        000000
__Htext30                                    text30       000000
__Htext31                                    text31       000000
__Htext32                                    text32       000000
__Htext33                                    text33       000000
__Htext34                                    text34       000000
__Htext35                                    text35       000000
__Htext36                                    text36       000000
__Htext37                                    text37       000000
__Htext38                                    text38       000000
__Htext39                                    text39       000000
__Htext4                                     text4        000000
__Htext40                                    text40       000000
__Htext41                                    text41       000000
__Htext42                                    text42       000000
__Htext43                                    text43       000000
__Htext44                                    text44       000000
__Htext45                                    text45       000000
__Htext46                                    text46       000000
__Htext47                                    text47       000000
__Htext48                                    text48       000000
__Htext49                                    text49       000000
__Htext5                                     text5        000000
__Htext6                                     text6        000000
__Htext7                                     text7        000000
__Htext8                                     text8        000000
__Htext9                                     text9        000000
__LRAM                                       (abs)        000001
__L__absolute__                              __absolute__ 000000
__Labs1                                      abs1         000000
__Lbank0                                     bank0        000000
__Lbank1                                     bank1        000000
__Lbank10                                    bank10       000000
__Lbank11                                    bank11       000000
__Lbank12                                    bank12       000000
__Lbank13                                    bank13       000000
__Lbank14                                    bank14       000000
__Lbank15                                    bank15       000000
__Lbank2                                     bank2        000000
__Lbank3                                     bank3        000000
__Lbank4                                     bank4        000000
__Lbank5                                     bank5        000000
__Lbank6                                     bank6        000000
__Lbank7                                     bank7        000000
__Lbank8                                     bank8        000000
__Lbank9                                     bank9        000000
__Lbigbss                                    bigbss       000000
__Lbigdata                                   bigdata      000000
__Lbigram                                    bigram       000000
__Lbigsfr                                    bigsfr       000000
__Lbss                                       bss          000000
__LbssBANK0                                  bssBANK0     000000
__LbssCOMRAM                                 bssCOMRAM    000000
__Lcinit                                     cinit        000000
__Lclrtext                                   clrtext      000000
__Lcomram                                    comram       000000
__Lconfig                                    config       000000
__Lconst                                     const        000000
__LcstackBANK0                               cstackBANK0  000000
__LcstackCOMRAM                              cstackCOMRAM 000000
__Ldata                                      data         000000
__LdataBANK0                                 dataBANK0    000000
__LdataCOMRAM                                dataCOMRAM   000000
__Leeprom_data                               eeprom_data  000000
__Lfarbss                                    farbss       000000
__Lfardata                                   fardata      000000
__Lheap                                      heap         000000
__Libigdata                                  ibigdata     000000
__Lidata                                     idata        000000
__LidataBANK0                                idataBANK0   000000
__LidataCOMRAM                               idataCOMRAM  000000
__Lidloc                                     idloc        000000
__Lifardata                                  ifardata     000000
__Linit                                      init         00000E
__Lintcode                                   intcode      000008
__Lintcode_body                              intcode_body 000000
__Lintcodelo                                 intcodelo    00000E
__Lintentry                                  intentry     000000
__Lintret                                    intret       000000
__Lintsave_regs                              intsave_regs 000000
__Lirdata                                    irdata       000000
__Lmediumconst                               mediumconst  000000
__LnvFARRAM                                  nvFARRAM     000000
__Lnvbit                                     nvbit        000000
__Lnvrram                                    nvrram       000000
__Lparam                                     rparam       000000
__Lpowerup                                   powerup      00000E
__Lram                                       ram          000000
__Lramtop                                    ramtop       001000
__Lrbit                                      rbit         000000
__Lrbss                                      rbss         000000
__Lrdata                                     rdata        000000
__Lreset_vec                                 reset_vec    000000
__Lrparam                                    rparam       000000
__Lsfr                                       sfr          000000
__Lsmallconst                                smallconst   001000
__Lspace_0                                   (abs)        000000
__Lspace_1                                   (abs)        000000
__Lspace_2                                   (abs)        000000
__Lspace_4                                   (abs)        000000
__Lstack                                     stack        000000
__Lstruct                                    struct       000000
__Ltemp                                      temp         00007C
__Ltext                                      text         000000
__Ltext0                                     text0        000000
__Ltext1                                     text1        000000
__Ltext10                                    text10       000000
__Ltext11                                    text11       000000
__Ltext12                                    text12       000000
__Ltext13                                    text13       000000
__Ltext14                                    text14       000000
__Ltext15                                    text15       000000
__Ltext16                                    text16       000000
__Ltext17                                    text17       000000
__Ltext18                                    text18       000000
__Ltext19                                    text19       000000
__Ltext2                                     text2        000000
__Ltext20                                    text20       000000
__Ltext21                                    text21       000000
__Ltext22                                    text22       000000
__Ltext23                                    text23       000000
__Ltext24                                    text24       000000
__Ltext25                                    text25       000000
__Ltext26                                    text26       000000
__Ltext27                                    text27       000000
__Ltext29                                    text29       000000
__Ltext3                                     text3        000000
__Ltext30                                    text30       000000
__Ltext31                                    text31       000000
__Ltext32                                    text32       000000
__Ltext33                                    text33       000000
__Ltext34                                    text34       000000
__Ltext35                                    text35       000000
__Ltext36                                    text36       000000
__Ltext37                                    text37       000000
__Ltext38                                    text38       000000
__Ltext39                                    text39       000000
__Ltext4                                     text4        000000
__Ltext40                                    text40       000000
__Ltext41                                    text41       000000
__Ltext42                                    text42       000000
__Ltext43                                    text43       000000
__Ltext44                                    text44       000000
__Ltext45                                    text45       000000
__Ltext46                                    text46       000000
__Ltext47                                    text47       000000
__Ltext48                                    text48       000000
__Ltext49                                    text49       000000
__Ltext5                                     text5        000000
__Ltext6                                     text6        000000
__Ltext7                                     text7        000000
__Ltext8                                     text8        000000
__Ltext9                                     text9        000000
__S0                                         (abs)        00249C
__S1                                         (abs)        0000FE
__S4                                         (abs)        000000
__S5                                         (abs)        000000
___awdiv                                     text18       001AF8
___awdiv@counter                             cstackCOMRAM 00004A
___awdiv@dividend                            cstackCOMRAM 000046
___awdiv@divisor                             cstackCOMRAM 000048
___awdiv@quotient                            cstackCOMRAM 00004C
___awdiv@sign                                cstackCOMRAM 00004B
___awmod                                     text17       001BBC
___awmod@counter                             cstackCOMRAM 00004A
___awmod@dividend                            cstackCOMRAM 000046
___awmod@divisor                             cstackCOMRAM 000048
___awmod@sign                                cstackCOMRAM 00004B
___heap_hi                                   (abs)        000000
___heap_lo                                   (abs)        000000
___inthi_sp                                  stack        000000
___inthi_stack_hi                            stack        000000
___inthi_stack_lo                            stack        000000
___intlo_sp                                  stack        000000
___intlo_stack_hi                            stack        000000
___intlo_stack_lo                            stack        000000
___param_bank                                (abs)        000000
___rparam_used                               (abs)        000001
___sp                                        stack        000000
___stack_hi                                  stack        000000
___stack_lo                                  stack        000000
__accesstop                                  (abs)        000080
__activetblptr                               (abs)        000003
__end_of_ADC_ISR                             text48       002498
__end_of_CCP1_ISR                            text47       002494
__end_of_CCP2_ISR                            text46       002490
__end_of_EUSART_RX_ASY_ISR                   text45       00249C
__end_of_EUSART_TX_ASY_ISR                   text44       00248C
__end_of_I2C_BUS_COLLISION_ISR               text43       002488
__end_of_I2C_MODULE_TR_ISR                   text42       002484
__end_of_INT0_ISR                            text41       002480
__end_of_INT1_ISR                            text40       00247C
__end_of_INT2_ISR                            text39       002478
__end_of_InterruptManager                    intcode_body 001434
__end_of_MODE_configure@hal_timer1$F3917     text9        001F5C
__end_of_MSSP_Spi_ISR                        text38       002474
__end_of_OSC_configure                       text8        0022B6
__end_of_RB4_ISR                             text37       002436
__end_of_RB5_ISR                             text36       00241C
__end_of_RB6_ISR                             text35       002402
__end_of_RB7_ISR                             text34       0023E8
__end_of_TMR0_ISR                            text33       00244E
__end_of_TMR1_ISR                            text31       0022EC
__end_of_TMR1_Init                           text6        001DB4
__end_of_TMR2_ISR                            text30       00246C
__end_of_TMR3_ISR                            text29       002442
__end_of_TMR_Isr                             text32       002470
__end_of___awdiv                             text18       001BBC
__end_of___awmod                             text17       001C6C
__end_of__initialization                     cinit        002022
__end_of_abs                                 text16       002354
__end_of_app_initialize                      text20       002464
__end_of_convert_uint8_to_string             text10       002186
__end_of_fputc                               text14       001D16
__end_of_gpio_pin_direction_intialize        text27       00190A
__end_of_gpio_pin_intialize                  text25       00208A
__end_of_gpio_pin_write_logic                text26       001A1A
__end_of_interrupt_init1                     text5        0023AA
__end_of_keypad_values                       smallconst   001011
__end_of_lcd_4bit_initialize                 text21       001AF8
__end_of_lcd_4bit_send_command               text22       002142
__end_of_lcd_4bit_send_data_char             text4        0020E6
__end_of_lcd_4bit_send_data_char_posit       text2        002242
__end_of_lcd_4bit_send_data_string_posit     text1        001EE6
__end_of_lcd_send_4bit_command_data          text24       001FCA
__end_of_lcd_send_4bit_enable                text23       002206
__end_of_lcd_set_cursor_4bit                 text3        001E50
__end_of_main                                text0        001622
__end_of_memset                              text19       002384
__end_of_putch                               text15       00249A
__end_of_register_configure@hal_timer1$F3923 text7        00227C
__end_of_sprintf                             text11       002320
__end_of_vfpfcnvrt                           text13       0017E4
__end_of_vfprintf                            text12       0021C6
__initialization                             cinit        001FCA
__mediumconst                                mediumconst  000000
__pbssBANK0                                  bssBANK0     000080
__pbssCOMRAM                                 bssCOMRAM    000001
__pcinit                                     cinit        001FCA
__pcstackBANK0                               cstackBANK0  0000FB
__pcstackCOMRAM                              cstackCOMRAM 000043
__pdataBANK0                                 dataBANK0    0000D7
__pdataCOMRAM                                dataCOMRAM   000071
__pidataBANK0                                idataBANK0   0023AA
__pidataCOMRAM                               idataCOMRAM  00244E
__pintcode                                   intcode      000008
__pintcode_body                              intcode_body 00101E
__psmallconst                                smallconst   001000
__ptext0                                     text0        001434
__ptext1                                     text1        001E50
__ptext10                                    text10       002142
__ptext11                                    text11       0022EC
__ptext12                                    text12       002186
__ptext13                                    text13       001622
__ptext14                                    text14       001C6C
__ptext15                                    text15       002498
__ptext16                                    text16       002320
__ptext17                                    text17       001BBC
__ptext18                                    text18       001AF8
__ptext19                                    text19       002354
__ptext2                                     text2        002206
__ptext20                                    text20       00245A
__ptext21                                    text21       001A1A
__ptext22                                    text22       0020E6
__ptext23                                    text23       0021C6
__ptext24                                    text24       001F5C
__ptext25                                    text25       00202C
__ptext26                                    text26       00190A
__ptext27                                    text27       0017E4
__ptext29                                    text29       002436
__ptext3                                     text3        001DB4
__ptext30                                    text30       002464
__ptext31                                    text31       0022B6
__ptext32                                    text32       00246C
__ptext33                                    text33       002442
__ptext34                                    text34       0023CE
__ptext35                                    text35       0023E8
__ptext36                                    text36       002402
__ptext37                                    text37       00241C
__ptext38                                    text38       002470
__ptext39                                    text39       002474
__ptext4                                     text4        00208A
__ptext40                                    text40       002478
__ptext41                                    text41       00247C
__ptext42                                    text42       002480
__ptext43                                    text43       002484
__ptext44                                    text44       002488
__ptext45                                    text45       00249A
__ptext46                                    text46       00248C
__ptext47                                    text47       002490
__ptext48                                    text48       002494
__ptext49                                    text49       000000
__ptext5                                     text5        002384
__ptext6                                     text6        001D16
__ptext7                                     text7        002242
__ptext8                                     text8        00227C
__ptext9                                     text9        001EE6
__ramtop                                     ramtop       001000
__smallconst                                 smallconst   001000
_abs                                         text16       002320
_app_initialize                              text20       00245A
_convert_uint8_to_string                     text10       002142
_dbuf                                        bssBANK0     000080
_flags                                       bssCOMRAM    000035
_fputc                                       text14       001C6C
_gpio_pin_direction_intialize                text27       0017E4
_gpio_pin_intialize                          text25       00202C
_gpio_pin_write_logic                        text26       00190A
_hour_num                                    bssCOMRAM    000036
_hour_nums                                   bssBANK0     0000C8
_hour_nums2                                  bssBANK0     0000B9
_int1                                        bssBANK0     0000B2
_interrupt_init1                             text5        002384
_keypad_values                               smallconst   001001
_lat_registers                               dataBANK0    0000D7
_lcd_1                                       dataBANK0    0000F5
_lcd_4bit_initialize                         text21       001A1A
_lcd_4bit_send_command                       text22       0020E6
_lcd_4bit_send_data_char                     text4        00208A
_lcd_4bit_send_data_char_posit               text2        002206
_lcd_4bit_send_data_string_posit             text1        001E50
_lcd_send_4bit_command_data                  text24       001F5C
_lcd_send_4bit_enable                        text23       0021C6
_lcd_set_cursor_4bit                         text3        001DB4
_main                                        text0        001434
_main$5590                                   cstackBANK0  0000FC
_main$5591                                   cstackBANK0  0000FD
_memset                                      text19       002354
_minute_num                                  bssCOMRAM    000037
_minute_nums                                 bssBANK0     0000CD
_minute_nums2                                bssBANK0     0000BE
_port_registers                              dataBANK0    0000E1
_prec                                        bssBANK0     0000A8
_preload_val                                 bssCOMRAM    00003B
_preload_vall                                bssCOMRAM    000001
_preload_value                               bssCOMRAM    000007
_preload_value@hal_timer1$F3998              bssCOMRAM    000005
_putch                                       text15       002498
_register_configure@hal_timer1$F3923         text7        002242
_ret                                         bssCOMRAM    000039
_second_num                                  bssCOMRAM    000038
_second_nums                                 bssBANK0     0000D2
_second_nums2                                bssBANK0     0000C3
_sprintf                                     text11       0022EC
_tmr1_counter                                bssCOMRAM    00003A
_tris_registers                              dataBANK0    0000EB
_vfpfcnvrt                                   text13       001622
_vfprintf                                    text12       002186
_width                                       bssBANK0     0000A6
abs@a                                        cstackCOMRAM 00004C
btemp                                        temp         00007C
capture_read_value@F3164                     bssCOMRAM    00002D
convert_uint8_to_string@num                  cstackBANK0  0000FB
convert_uint8_to_string@str                  cstackCOMRAM 000070
end_of_initialization                        cinit        002022
fputc@c                                      cstackCOMRAM 000046
fputc@fp                                     cstackCOMRAM 000048
gpio_pin_direction_intialize@__pin_t         cstackCOMRAM 000046
gpio_pin_direction_intialize@ret             cstackCOMRAM 00004C
gpio_pin_intialize@_pin_t                    cstackCOMRAM 00004E
gpio_pin_intialize@ret                       cstackCOMRAM 000050
gpio_pin_write_logic@_pin_t                  cstackCOMRAM 000046
gpio_pin_write_logic@logic                   cstackCOMRAM 000047
gpio_pin_write_logic@ret                     cstackCOMRAM 00004D
int$flags                                    temp         00007C
int_func                                     intcode_body 00101E
intlevel0                                    text         000000
intlevel1                                    text         000000
intlevel2                                    text         000000
intlevel3                                    text         000000
isa$std                                      (abs)        000001
isa$xinst                                    (abs)        000000
lcd_4bit_initialize@l_counter                cstackCOMRAM 000056
lcd_4bit_initialize@lcd                      cstackCOMRAM 000054
lcd_4bit_initialize@ret                      cstackCOMRAM 000057
lcd_4bit_send_command@command                cstackCOMRAM 000052
lcd_4bit_send_command@lcd                    cstackCOMRAM 000051
lcd_4bit_send_command@ret                    cstackCOMRAM 000053
lcd_4bit_send_data_char@data                 cstackCOMRAM 000052
lcd_4bit_send_data_char@lcd                  cstackCOMRAM 000051
lcd_4bit_send_data_char@ret                  cstackCOMRAM 000053
lcd_4bit_send_data_char_posit@colunm         cstackCOMRAM 00005C
lcd_4bit_send_data_char_posit@data           cstackCOMRAM 00005D
lcd_4bit_send_data_char_posit@lcd            cstackCOMRAM 00005A
lcd_4bit_send_data_char_posit@ret            cstackCOMRAM 00005E
lcd_4bit_send_data_char_posit@row            cstackCOMRAM 00005B
lcd_4bit_send_data_string_posit@colunm       cstackCOMRAM 00005C
lcd_4bit_send_data_string_posit@data         cstackCOMRAM 00005D
lcd_4bit_send_data_string_posit@lcd          cstackCOMRAM 00005A
lcd_4bit_send_data_string_posit@ret          cstackCOMRAM 00005F
lcd_4bit_send_data_string_posit@row          cstackCOMRAM 00005B
lcd_send_4bit_command_data@data              cstackCOMRAM 00004F
lcd_send_4bit_command_data@lcd               cstackCOMRAM 00004E
lcd_send_4bit_command_data@ret               cstackCOMRAM 000050
lcd_send_4bit_enable@lcd                     cstackCOMRAM 00004E
lcd_send_4bit_enable@ret                     cstackCOMRAM 00004F
lcd_set_cursor_4bit@column                   cstackCOMRAM 000056
lcd_set_cursor_4bit@lcd                      cstackCOMRAM 000054
lcd_set_cursor_4bit@ret                      cstackCOMRAM 000059
lcd_set_cursor_4bit@row                      cstackCOMRAM 000055
led_intalize@F3054                           bssCOMRAM    000042
led_off@F3064                                bssCOMRAM    000040
led_on@F3059                                 bssCOMRAM    000041
led_toggle@F3069                             bssCOMRAM    00003F
memset@c                                     cstackCOMRAM 000047
memset@dest                                  cstackCOMRAM 000046
memset@n                                     cstackCOMRAM 000049
memset@p                                     cstackCOMRAM 00004B
register_configure@hal_timer1$F3923@TMR      cstackCOMRAM 000046
relay_initalize@F3052                        bssCOMRAM    00003E
relay_off@F3062                              bssCOMRAM    00003C
relay_on@F3057                               bssCOMRAM    00003D
spi_master_mode_configuration@F3131          dataCOMRAM   000077
spi_master_mode_configuration@F3133          dataCOMRAM   000076
spi_master_mode_configuration@F3135          dataCOMRAM   000075
spi_slave_mode_configuration@F3139           dataCOMRAM   000074
spi_slave_mode_configuration@F3141           dataCOMRAM   000073
spi_slave_mode_configuration@F3143           dataCOMRAM   000072
spi_slave_mode_configuration@F3145           dataCOMRAM   000071
sprintf@ap                                   cstackCOMRAM 000063
sprintf@f                                    cstackCOMRAM 000064
sprintf@fmt                                  cstackCOMRAM 000060
sprintf@s                                    cstackCOMRAM 00005F
stackhi                                      (abs)        000000
stacklo                                      (abs)        000000
start                                        init         00000E
start_initialization                         cinit        001FCA
ttemp5                                       temp         00007D
ttemp6                                       temp         000080
ttemp7                                       temp         000084
vfpfcnvrt@ap                                 cstackCOMRAM 000052
vfpfcnvrt@c                                  cstackCOMRAM 00005A
vfpfcnvrt@convarg                            cstackCOMRAM 000056
vfpfcnvrt@cp                                 cstackCOMRAM 000055
vfpfcnvrt@done                               cstackCOMRAM 000054
vfpfcnvrt@fmt                                cstackCOMRAM 000051
vfpfcnvrt@fp                                 cstackCOMRAM 000050
vfprintf@ap                                  cstackCOMRAM 00005D
vfprintf@cfmt                                cstackCOMRAM 00005E
vfprintf@fmt                                 cstackCOMRAM 00005C
vfprintf@fp                                  cstackCOMRAM 00005B
wtemp8                                       temp         00007D


MODULE INFORMATION

Module		Function		Class		Link	Load	Size
MCAL_Layer/MSSP_SPI/hal_spi.c
		_MSSP_Spi_ISR  		CODE           	2470	0000	4

MCAL_Layer/MSSP_SPI/hal_spi.c estimated size: 4

MCAL_Layer/MSSP_I2C/hal_i2c.c
		_I2C_BUS_COLLISION_ISR		CODE           	2484	0000	4
		_I2C_MODULE_TR_ISR		CODE           	2480	0000	4

MCAL_Layer/MSSP_I2C/hal_i2c.c estimated size: 8

ECU_Layer/CHR_LCD/ecu_chr_lcd.c
		_lcd_4bit_send_data_string_posit		CODE           	1E50	0000	150
		_lcd_4bit_send_command		CODE           	20E6	0000	92
		_lcd_set_cursor_4bit		CODE           	1DB4	0000	156
		_lcd_4bit_send_data_char		CODE           	208A	0000	92
		_lcd_4bit_send_data_char_posit		CODE           	2206	0000	60
		_lcd_send_4bit_enable		CODE           	21C6	0000	64
		_lcd_4bit_initialize		CODE           	1A1A	0000	222
		_convert_uint8_to_string		CODE           	2142	0000	68
		_lcd_send_4bit_command_data		CODE           	1F5C	0000	110

ECU_Layer/CHR_LCD/ecu_chr_lcd.c estimated size: 1014

MCAL_Layer/TIMER3/hal_timer3.c
		_TMR3_ISR      		CODE           	2436	0000	12

MCAL_Layer/TIMER3/hal_timer3.c estimated size: 12

MCAL_Layer/TIMER2/hal_timer2.c
		_TMR2_ISR      		CODE           	2464	0000	8

MCAL_Layer/TIMER2/hal_timer2.c estimated size: 8

MCAL_Layer/TIMER1/hal_timer1.c
		_register_configure@hal_timer1$F3923		CODE           	2242	0000	58
		_TMR1_Init     		CODE           	1D16	0000	158
		_OSC_configure 		CODE           	227C	0000	58
		_TMR1_ISR      		CODE           	22B6	0000	54
		_MODE_configure@hal_timer1$F3917		CODE           	1EE6	0000	118

MCAL_Layer/TIMER1/hal_timer1.c estimated size: 446

C:\Program Files\Microchip\xc8\v2.45\pic\sources\c99\common\nf_sprintf.c
		_sprintf       		CODE           	22EC	0000	52

C:\Program Files\Microchip\xc8\v2.45\pic\sources\c99\common\nf_sprintf.c estimated size: 52

MCAL_Layer/TIMER0/hal_timer0.c
		_TMR0_ISR      		CODE           	2442	0000	12

MCAL_Layer/TIMER0/hal_timer0.c estimated size: 12

C:\Program Files\Microchip\xc8\v2.45\pic\sources\c99\common\awmod.c
		___awmod       		CODE           	1BBC	0000	176

C:\Program Files\Microchip\xc8\v2.45\pic\sources\c99\common\awmod.c estimated size: 176

C:\Program Files\Microchip\xc8\v2.45\pic\sources\c99\common\putch.c
		_putch         		CODE           	2498	0000	2

C:\Program Files\Microchip\xc8\v2.45\pic\sources\c99\common\putch.c estimated size: 2

shared
		__initialization		CODE           	1FCA	0000	88
		_keypad_values 		SMALLCONST     	1001	0000	16

shared estimated size: 104

MCAL_Layer/EUSART/hal_usart.c
		_EUSART_RX_ASY_ISR		CODE           	249A	0000	2
		_EUSART_TX_ASY_ISR		CODE           	2488	0000	4

MCAL_Layer/EUSART/hal_usart.c estimated size: 6

MCAL_Layer/Interrupt/mcal_external_interrupt.c
		_RB4_ISR       		CODE           	241C	0000	26
		_RB5_ISR       		CODE           	2402	0000	26
		_RB6_ISR       		CODE           	23E8	0000	26
		_RB7_ISR       		CODE           	23CE	0000	26
		_INT0_ISR      		CODE           	247C	0000	4
		_INT1_ISR      		CODE           	2478	0000	4
		_INT2_ISR      		CODE           	2474	0000	4

MCAL_Layer/Interrupt/mcal_external_interrupt.c estimated size: 116

C:\Program Files\Microchip\xc8\v2.45\pic\sources\c99\common\abs.c
		_abs           		CODE           	2320	0000	52

C:\Program Files\Microchip\xc8\v2.45\pic\sources\c99\common\abs.c estimated size: 52

MCAL_Layer/CPP1/hal_ccp.c
		_CCP1_ISR      		CODE           	2490	0000	4
		_CCP2_ISR      		CODE           	248C	0000	4

MCAL_Layer/CPP1/hal_ccp.c estimated size: 8

MCAL_Layer/ADC/hal_adc.c
		_ADC_ISR       		CODE           	2494	0000	4

MCAL_Layer/ADC/hal_adc.c estimated size: 4

MCAL_Layer/Interrupt/mcal_interrupt_manager.c
		_InterruptManager		CODE           	0008	0000	1052

MCAL_Layer/Interrupt/mcal_interrupt_manager.c estimated size: 1052

MCAL_Layer/GPIO/hal_gpio.c
		_gpio_pin_write_logic		CODE           	190A	0000	272
		_gpio_pin_intialize		CODE           	202C	0000	94
		_gpio_pin_direction_intialize		CODE           	17E4	0000	294

MCAL_Layer/GPIO/hal_gpio.c estimated size: 660

C:\Program Files\Microchip\xc8\v2.45\pic\sources\c99\common\memset.c
		_memset        		CODE           	2354	0000	48

C:\Program Files\Microchip\xc8\v2.45\pic\sources\c99\common\memset.c estimated size: 48

application.c
		_main          		CODE           	1434	0000	494
		_TMR_Isr       		CODE           	246C	0000	4
		_app_initialize		CODE           	245A	0000	10
		_interrupt_init1		CODE           	2384	0000	38

application.c estimated size: 546

C:\Program Files\Microchip\xc8\v2.45\pic\sources\c99\common\nf_fputc.c
		_fputc         		CODE           	1C6C	0000	170

C:\Program Files\Microchip\xc8\v2.45\pic\sources\c99\common\nf_fputc.c estimated size: 170

C:\Program Files\Microchip\xc8\v2.45\pic\sources\c99\common\doprnt.c
		_vfpfcnvrt     		CODE           	1622	0000	450
		_vfprintf      		CODE           	2186	0000	64

C:\Program Files\Microchip\xc8\v2.45\pic\sources\c99\common\doprnt.c estimated size: 514

C:\Program Files\Microchip\xc8\v2.45\pic\sources\c99\common\awdiv.c
		___awdiv       		CODE           	1AF8	0000	196

C:\Program Files\Microchip\xc8\v2.45\pic\sources\c99\common\awdiv.c estimated size: 196

